Archive member included because of file (symbol)

c:/programy/gnu tools arm embedded/4.8 2014q1/bin/../lib/gcc/arm-none-eabi/4.8.3/armv7e-m\libgcc.a(_arm_addsubdf3.o)
                              ..\obj\httpd_cgi_ssi.o (__aeabi_ui2d)
c:/programy/gnu tools arm embedded/4.8 2014q1/bin/../lib/gcc/arm-none-eabi/4.8.3/armv7e-m\libgcc.a(_arm_muldivdf3.o)
                              ..\obj\httpd_cgi_ssi.o (__aeabi_dmul)
c:/programy/gnu tools arm embedded/4.8 2014q1/bin/../lib/gcc/arm-none-eabi/4.8.3/armv7e-m\libgcc.a(_arm_fixunsdfsi.o)
                              ..\obj\httpd_cgi_ssi.o (__aeabi_d2uiz)
c:/programy/gnu tools arm embedded/4.8 2014q1/bin/../lib/gcc/arm-none-eabi/4.8.3/../../../../arm-none-eabi/lib/armv7e-m\libg.a(lib_a-memcmp.o)
                              ..\obj\autoip.o (memcmp)
c:/programy/gnu tools arm embedded/4.8 2014q1/bin/../lib/gcc/arm-none-eabi/4.8.3/../../../../arm-none-eabi/lib/armv7e-m\libg.a(lib_a-memcpy.o)
                              ..\obj\ip_frag.o (memcpy)
c:/programy/gnu tools arm embedded/4.8 2014q1/bin/../lib/gcc/arm-none-eabi/4.8.3/../../../../arm-none-eabi/lib/armv7e-m\libg.a(lib_a-memset.o)
                              ..\obj\mem.o (memset)
c:/programy/gnu tools arm embedded/4.8 2014q1/bin/../lib/gcc/arm-none-eabi/4.8.3/../../../../arm-none-eabi/lib/armv7e-m\libg.a(lib_a-strchr.o)
                              ..\obj\httpd.o (strchr)
c:/programy/gnu tools arm embedded/4.8 2014q1/bin/../lib/gcc/arm-none-eabi/4.8.3/../../../../arm-none-eabi/lib/armv7e-m\libg.a(lib_a-strcmp.o)
                              ..\obj\fs.o (strcmp)
c:/programy/gnu tools arm embedded/4.8 2014q1/bin/../lib/gcc/arm-none-eabi/4.8.3/../../../../arm-none-eabi/lib/armv7e-m\libg.a(lib_a-strlen.o)
                              ..\obj\httpd.o (strlen)
c:/programy/gnu tools arm embedded/4.8 2014q1/bin/../lib/gcc/arm-none-eabi/4.8.3/../../../../arm-none-eabi/lib/armv7e-m\libg.a(lib_a-strncmp.o)
                              ..\obj\httpd.o (strncmp)
c:/programy/gnu tools arm embedded/4.8 2014q1/bin/../lib/gcc/arm-none-eabi/4.8.3/../../../../arm-none-eabi/lib/armv7e-m\libg.a(lib_a-strstr.o)
                              ..\obj\httpd.o (strstr)
c:/programy/gnu tools arm embedded/4.8 2014q1/bin/../lib/gcc/arm-none-eabi/4.8.3/../../../../arm-none-eabi/lib/armv7e-m\libg.a(lib_a-memchr-stub.o)
                              c:/programy/gnu tools arm embedded/4.8 2014q1/bin/../lib/gcc/arm-none-eabi/4.8.3/../../../../arm-none-eabi/lib/armv7e-m\libg.a(lib_a-strstr.o) (memchr)

Allocating common symbols
Common symbol       size              file

netif               0x38              ..\obj\netconf.o
netif_list          0x4               ..\obj\netif.o
RX_Frame_Descriptor
                    0xc               ..\obj\stm32f4x7_eth.o
ADC_Page_SSI_Handler
                    0x4               ..\obj\httpd_cgi_ssi.o
tcp_active_pcbs     0x4               ..\obj\tcp.o
udp_pcbs            0x4               ..\obj\udp.o
current_netif       0x4               ..\obj\ip.o
tcp_ticks           0x4               ..\obj\tcp.o
tcp_listen_pcbs     0x4               ..\obj\tcp.o
DMARxDescToGet      0x4               ..\obj\stm32f4x7_eth.o
DMATxDescToSet      0x4               ..\obj\stm32f4x7_eth.o
tcp_tmp_pcb         0x4               ..\obj\tcp.o
tcp_input_pcb       0x4               ..\obj\tcp_in.o
DMATxDscrTab        0x40              ..\obj\stm32f4x7_eth.o
current_header      0x4               ..\obj\ip.o
Rx_Buff             0x17d0            ..\obj\stm32f4x7_eth.o
tcp_bound_pcbs      0x4               ..\obj\tcp.o
Frame_Rx_index      0x4               ..\obj\stm32f4x7_eth.o
fs_memory           0xf0              ..\obj\fs.o
DMA_RX_FRAME_infos  0x4               ..\obj\stm32f4x7_eth.o
DMARxDscrTab        0x80              ..\obj\stm32f4x7_eth.o
tcp_tw_pcbs         0x4               ..\obj\tcp.o
netif_default       0x4               ..\obj\netif.o
CGI_TAB             0x8               ..\obj\httpd_cgi_ssi.o
Tx_Buff             0xbe8             ..\obj\stm32f4x7_eth.o

Discarded input sections

 .text          0x00000000        0x0 ..\obj\stm32f4xx_syscfg.o
 .data          0x00000000        0x0 ..\obj\stm32f4xx_syscfg.o
 .bss           0x00000000        0x0 ..\obj\stm32f4xx_syscfg.o
 .text.SYSCFG_DeInit
                0x00000000       0x1c ..\obj\stm32f4xx_syscfg.o
 .text.SYSCFG_MemoryRemapConfig
                0x00000000       0x20 ..\obj\stm32f4xx_syscfg.o
 .text.SYSCFG_CompensationCellCmd
                0x00000000       0x20 ..\obj\stm32f4xx_syscfg.o
 .text.SYSCFG_GetCompensationCellStatus
                0x00000000       0x34 ..\obj\stm32f4xx_syscfg.o
 .text          0x00000000        0x0 ..\obj\stm32_ub_http_server.o
 .data          0x00000000        0x0 ..\obj\stm32_ub_http_server.o
 .text          0x00000000        0x0 ..\obj\mem.o
 .data          0x00000000        0x0 ..\obj\mem.o
 .text.mem_calloc
[...]
Memory Configuration

Name             Origin             Length             Attributes
rom              0x08000000         0x00100000         xr
ram              0x20000000         0x00020000         xrw
ram1             0x10000000         0x00010000         xrw
*default*        0x00000000         0xffffffff

Linker script and memory map

                0x20020000                _eram = 0x20020000

.text           0x08000000     0xc6a8
 *(.isr_vector)
 .isr_vector    0x08000000      0x188 ..\obj\startup_stm32f4xx.o
                0x08000000                g_pfnVectors
 *(.text*)
 .text.SYSCFG_EXTILineConfig
                0x08000188       0x7c ..\obj\stm32f4xx_syscfg.o
                0x08000188                SYSCFG_EXTILineConfig
 .text.SYSCFG_ETH_MediaInterfaceConfig
                0x08000204       0x1c ..\obj\stm32f4xx_syscfg.o
                0x08000204                SYSCFG_ETH_MediaInterfaceConfig
 .text.UB_HTTP_Server_Init
                0x08000220       0x3c ..\obj\stm32_ub_http_server.o
                0x08000220                UB_HTTP_Server_Init
 .text.UB_HTTP_Server_Do
                0x0800025c       0x24 ..\obj\stm32_ub_http_server.o
                0x0800025c                UB_HTTP_Server_Do
 .text.SysTick_Handler
                0x08000280       0x1c ..\obj\stm32_ub_http_server.o
                0x08000280                SysTick_Handler
 .text.EXTI15_10_IRQHandler
                0x0800029c       0x24 ..\obj\stm32_ub_http_server.o
                0x0800029c                EXTI15_10_IRQHandler
 .text.plug_holes
                0x080002c0       0xbc ..\obj\mem.o
 .text.mem_init
                0x0800037c       0x84 ..\obj\mem.o
                0x0800037c                mem_init
 .text.mem_free
                0x08000400       0x64 ..\obj\mem.o
                0x08000400                mem_free
 .text.mem_realloc
                0x08000464      0x17c ..\obj\mem.o
                0x08000464                mem_realloc
 .text.mem_malloc
                0x080005e0      0x14c ..\obj\mem.o
                0x080005e0                mem_malloc
 .text.tcp_tmr  0x0800072c       0x2c ..\obj\tcp.o
                0x0800072c                tcp_tmr
 .text.tcp_close
                0x08000758      0x164 ..\obj\tcp.o
                0x08000758                tcp_close
 .text.tcp_abandon
                0x080008bc       0xdc ..\obj\tcp.o
                0x080008bc                tcp_abandon
 .text.tcp_bind
                0x08000998      0x17c ..\obj\tcp.o
                0x08000998                tcp_bind
 .text.tcp_accept_null
                0x08000b14       0x20 ..\obj\tcp.o
 .text.tcp_listen_with_backlog
                0x08000b34      0x10c ..\obj\tcp.o
                0x08000b34                tcp_listen_with_backlog
 .text.tcp_update_rcv_ann_wnd
                0x08000c40       0x84 ..\obj\tcp.o
                0x08000c40                tcp_update_rcv_ann_wnd
 .text.tcp_recved
                0x08000cc4       0x60 ..\obj\tcp.o
                0x08000cc4                tcp_recved
 .text.tcp_new_port
                0x08000d24       0xac ..\obj\tcp.o
 .text.tcp_slowtmr
                0x08000dd0      0x3c4 ..\obj\tcp.o
                0x08000dd0                tcp_slowtmr
 .text.tcp_fasttmr
                0x08001194       0xb0 ..\obj\tcp.o
                0x08001194                tcp_fasttmr
 .text.tcp_segs_free
                0x08001244       0x38 ..\obj\tcp.o
                0x08001244                tcp_segs_free
 .text.tcp_seg_free
                0x0800127c       0x3c ..\obj\tcp.o
                0x0800127c                tcp_seg_free
 .text.tcp_setprio
                0x080012b8       0x1c ..\obj\tcp.o
                0x080012b8                tcp_setprio
 .text.tcp_recv_null
                0x080012d4       0x48 ..\obj\tcp.o
                0x080012d4                tcp_recv_null
 .text.tcp_kill_prio
                0x0800131c       0x80 ..\obj\tcp.o
 .text.tcp_kill_timewait
                0x0800139c       0x60 ..\obj\tcp.o
 .text.tcp_alloc
                0x080013fc      0x10c ..\obj\tcp.o
                0x080013fc                tcp_alloc
 .text.tcp_new  0x08001508       0x10 ..\obj\tcp.o
                0x08001508                tcp_new
 .text.tcp_arg  0x08001518       0x1c ..\obj\tcp.o
                0x08001518                tcp_arg
 .text.tcp_recv
                0x08001534       0x1c ..\obj\tcp.o
                0x08001534                tcp_recv
 .text.tcp_sent
                0x08001550       0x1c ..\obj\tcp.o
                0x08001550                tcp_sent
 .text.tcp_err  0x0800156c       0x1c ..\obj\tcp.o
                0x0800156c                tcp_err
 .text.tcp_accept
                0x08001588       0x1c ..\obj\tcp.o
                0x08001588                tcp_accept
 .text.tcp_poll
                0x080015a4       0x28 ..\obj\tcp.o
                0x080015a4                tcp_poll
 .text.tcp_pcb_purge
                0x080015cc       0x60 ..\obj\tcp.o
                0x080015cc                tcp_pcb_purge
 .text.tcp_pcb_remove
                0x0800162c       0xac ..\obj\tcp.o
                0x0800162c                tcp_pcb_remove
 .text.tcp_next_iss
                0x080016d8       0x28 ..\obj\tcp.o
                0x080016d8                tcp_next_iss
 .text.tcp_eff_send_mss
                0x08001700       0x40 ..\obj\tcp.o
                0x08001700                tcp_eff_send_mss
 .text.tcp_input
                0x08001740      0x5cc ..\obj\tcp_in.o
                0x08001740                tcp_input
 .text.tcp_listen_input
                0x08001d0c      0x19c ..\obj\tcp_in.o
 .text.tcp_timewait_input
                0x08001ea8       0xe0 ..\obj\tcp_in.o
 .text.tcp_process
                0x08001f88      0x6c0 ..\obj\tcp_in.o
 .text.tcp_receive
                0x08002648      0x8b8 ..\obj\tcp_in.o
 .text.tcp_parseopt
                0x08002f00      0x100 ..\obj\tcp_in.o
 .text.memp_init
                0x08003000       0x98 ..\obj\memp.o
                0x08003000                memp_init
 .text.memp_malloc
                0x08003098       0x44 ..\obj\memp.o
                0x08003098                memp_malloc
 .text.memp_free
                0x080030dc       0x3c ..\obj\memp.o
                0x080030dc                memp_free
 .text.autoip_handle_arp_conflict
                0x08003118       0x40 ..\obj\autoip.o
 .text.autoip_create_addr
                0x08003158       0x88 ..\obj\autoip.o
 .text.autoip_arp_announce
                0x080031e0       0x44 ..\obj\autoip.o
 .text.autoip_start
                0x08003224       0xac ..\obj\autoip.o
                0x08003224                autoip_start
 .text.autoip_start_probing
                0x080032d0       0x88 ..\obj\autoip.o
 .text.autoip_arp_reply
                0x08003358       0xec ..\obj\autoip.o
                0x08003358                autoip_arp_reply
 .text.ip_reass_free_complete_datagram
                0x08003444       0xb8 ..\obj\ip_frag.o
 .text.ip_reass_remove_oldest_datagram
                0x080034fc       0xb8 ..\obj\ip_frag.o
 .text.ip_reass_enqueue_new_datagram
                0x080035b4       0x74 ..\obj\ip_frag.o
 .text.ip_reass_dequeue_datagram
                0x08003628       0x38 ..\obj\ip_frag.o
 .text.ip_reass_chain_frag_into_datagram_and_validate
                0x08003660      0x20c ..\obj\ip_frag.o
 .text.ip_reass
                0x0800386c      0x264 ..\obj\ip_frag.o
                0x0800386c                ip_reass
 .text.ip_frag  0x08003ad0      0x1a4 ..\obj\ip_frag.o
                0x08003ad0                ip_frag
 .text.fs_malloc
                0x08003c74       0x64 ..\obj\fs.o
 .text.fs_free  0x08003cd8       0x54 ..\obj\fs.o
 .text.fs_open  0x08003d2c       0x7c ..\obj\fs.o
                0x08003d2c                fs_open
 .text.fs_close
                0x08003da8       0x14 ..\obj\fs.o
                0x08003da8                fs_close
 .text.fs_read  0x08003dbc       0x64 ..\obj\fs.o
                0x08003dbc                fs_read
 .text.fs_bytes_left
                0x08003e20       0x20 ..\obj\fs.o
                0x08003e20                fs_bytes_left
 .text.Default_Reset_Handler
                0x08003e40       0x5c ..\obj\startup_stm32f4xx.o
                0x08003e40                Default_Reset_Handler
                0x08003e40                Reset_Handler
 .text.Default_Handler
                0x08003e9c        0x8 ..\obj\startup_stm32f4xx.o
                0x08003e9c                RTC_Alarm_IRQHandler
                0x08003e9c                HASH_RNG_IRQHandler
                0x08003e9c                EXTI2_IRQHandler
                0x08003e9c                TIM8_CC_IRQHandler
                0x08003e9c                DebugMon_Handler
                0x08003e9c                TIM1_CC_IRQHandler
                0x08003e9c                DMA2_Stream5_IRQHandler
                0x08003e9c                HardFault_Handler
                0x08003e9c                DMA1_Stream5_IRQHandler
                0x08003e9c                PVD_IRQHandler
                0x08003e9c                SDIO_IRQHandler
                0x08003e9c                TAMP_STAMP_IRQHandler
                0x08003e9c                PendSV_Handler
                0x08003e9c                NMI_Handler
                0x08003e9c                CAN2_RX1_IRQHandler
                0x08003e9c                EXTI3_IRQHandler
                0x08003e9c                TIM8_TRG_COM_TIM14_IRQHandler
                0x08003e9c                TIM1_UP_TIM10_IRQHandler
                0x08003e9c                TIM8_UP_TIM13_IRQHandler
                0x08003e9c                I2C3_ER_IRQHandler
                0x08003e9c                EXTI0_IRQHandler
                0x08003e9c                I2C2_EV_IRQHandler
                0x08003e9c                DMA1_Stream2_IRQHandler
                0x08003e9c                CAN1_RX0_IRQHandler
                0x08003e9c                FPU_IRQHandler
                0x08003e9c                OTG_HS_WKUP_IRQHandler
                0x08003e9c                UsageFault_Handler
                0x08003e9c                CAN2_SCE_IRQHandler
                0x08003e9c                DMA2_Stream2_IRQHandler
                0x08003e9c                SPI1_IRQHandler
                0x08003e9c                TIM6_DAC_IRQHandler
                0x08003e9c                TIM1_BRK_TIM9_IRQHandler
                0x08003e9c                DCMI_IRQHandler
                0x08003e9c                CAN2_RX0_IRQHandler
                0x08003e9c                DMA2_Stream3_IRQHandler
                0x08003e9c                USART6_IRQHandler
                0x08003e9c                USART3_IRQHandler
                0x08003e9c                CRYP_IRQHandler
                0x08003e9c                CAN1_RX1_IRQHandler
                0x08003e9c                UART5_IRQHandler
                0x08003e9c                DMA2_Stream0_IRQHandler
                0x08003e9c                TIM4_IRQHandler
                0x08003e9c                I2C1_EV_IRQHandler
                0x08003e9c                DMA1_Stream6_IRQHandler
                0x08003e9c                DMA1_Stream1_IRQHandler
                0x08003e9c                UART4_IRQHandler
                0x08003e9c                TIM3_IRQHandler
                0x08003e9c                RCC_IRQHandler
                0x08003e9c                TIM8_BRK_TIM12_IRQHandler
                0x08003e9c                ADC_IRQHandler
                0x08003e9c                DMA1_Stream7_IRQHandler
                0x08003e9c                TIM7_IRQHandler
                0x08003e9c                CAN2_TX_IRQHandler
                0x08003e9c                TIM5_IRQHandler
                0x08003e9c                DMA2_Stream7_IRQHandler
                0x08003e9c                I2C3_EV_IRQHandler
                0x08003e9c                EXTI9_5_IRQHandler
                0x08003e9c                RTC_WKUP_IRQHandler
                0x08003e9c                ETH_WKUP_IRQHandler
                0x08003e9c                SPI2_IRQHandler
                0x08003e9c                OTG_HS_EP1_IN_IRQHandler
                0x08003e9c                MemManage_Handler
                0x08003e9c                DMA1_Stream0_IRQHandler
                0x08003e9c                CAN1_TX_IRQHandler
                0x08003e9c                SVC_Handler
                0x08003e9c                EXTI4_IRQHandler
                0x08003e9c                FSMC_IRQHandler
                0x08003e9c                ETH_IRQHandler
                0x08003e9c                OTG_HS_EP1_OUT_IRQHandler
                0x08003e9c                WWDG_IRQHandler
                0x08003e9c                TIM2_IRQHandler
                0x08003e9c                OTG_FS_WKUP_IRQHandler
                0x08003e9c                TIM1_TRG_COM_TIM11_IRQHandler
                0x08003e9c                OTG_HS_IRQHandler
                0x08003e9c                EXTI1_IRQHandler
                0x08003e9c                USART2_IRQHandler
                0x08003e9c                I2C2_ER_IRQHandler
                0x08003e9c                DMA2_Stream1_IRQHandler
                0x08003e9c                CAN1_SCE_IRQHandler
                0x08003e9c                FLASH_IRQHandler
                0x08003e9c                DMA2_Stream4_IRQHandler
                0x08003e9c                BusFault_Handler
                0x08003e9c                USART1_IRQHandler
                0x08003e9c                OTG_FS_IRQHandler
                0x08003e9c                SPI3_IRQHandler
                0x08003e9c                DMA1_Stream4_IRQHandler
                0x08003e9c                I2C1_ER_IRQHandler
                0x08003e9c                DMA2_Stream6_IRQHandler
                0x08003e9c                DMA1_Stream3_IRQHandler
 .text.UB_Led_Init
                0x08003ea4       0xa4 ..\obj\stm32_ub_led.o
                0x08003ea4                UB_Led_Init
 .text.UB_Led_Off
                0x08003f48       0x3c ..\obj\stm32_ub_led.o
                0x08003f48                UB_Led_Off
 .text.UB_Led_On
                0x08003f84       0x3c ..\obj\stm32_ub_led.o
                0x08003f84                UB_Led_On
 .text.ETH_Delay
                0x08003fc0       0x28 ..\obj\stm32f4x7_eth.o
 .text.ETH_DeInit
                0x08003fe8       0x1c ..\obj\stm32f4x7_eth.o
                0x08003fe8                ETH_DeInit
 .text.ETH_StructInit
                0x08004004      0x15c ..\obj\stm32f4x7_eth.o
                0x08004004                ETH_StructInit
 .text.ETH_Init
                0x08004160      0x3b0 ..\obj\stm32f4x7_eth.o
                0x08004160                ETH_Init
 .text.ETH_Start
                0x08004510       0x24 ..\obj\stm32f4x7_eth.o
                0x08004510                ETH_Start
 .text.ETH_MACTransmissionCmd
                0x08004534       0x38 ..\obj\stm32f4x7_eth.o
                0x08004534                ETH_MACTransmissionCmd
 .text.ETH_MACReceptionCmd
                0x0800456c       0x38 ..\obj\stm32f4x7_eth.o
                0x0800456c                ETH_MACReceptionCmd
 .text.ETH_MACAddressConfig
                0x080045a4       0x68 ..\obj\stm32f4x7_eth.o
                0x080045a4                ETH_MACAddressConfig
 .text.ETH_Get_Received_Frame
                0x0800460c       0x80 ..\obj\stm32f4x7_eth.o
                0x0800460c                ETH_Get_Received_Frame
 .text.ETH_Prepare_Transmit_Descriptors
                0x0800468c      0x16c ..\obj\stm32f4x7_eth.o
                0x0800468c                ETH_Prepare_Transmit_Descriptors
 .text.ETH_DMARxDescChainInit
                0x080047f8       0xa8 ..\obj\stm32f4x7_eth.o
                0x080047f8                ETH_DMARxDescChainInit
 .text.ETH_CheckFrameReceived
                0x080048a0       0xd4 ..\obj\stm32f4x7_eth.o
                0x080048a0                ETH_CheckFrameReceived
 .text.ETH_DMATxDescChainInit
                0x08004974       0x90 ..\obj\stm32f4x7_eth.o
                0x08004974                ETH_DMATxDescChainInit
 .text.ETH_DMATxDescChecksumInsertionConfig
                0x08004a04       0x20 ..\obj\stm32f4x7_eth.o
                0x08004a04                ETH_DMATxDescChecksumInsertionConfig
 .text.ETH_SoftwareReset
                0x08004a24       0x24 ..\obj\stm32f4x7_eth.o
                0x08004a24                ETH_SoftwareReset
 .text.ETH_GetSoftwareResetStatus
                0x08004a48       0x38 ..\obj\stm32f4x7_eth.o
                0x08004a48                ETH_GetSoftwareResetStatus
 .text.ETH_FlushTransmitFIFO
                0x08004a80       0x28 ..\obj\stm32f4x7_eth.o
                0x08004a80                ETH_FlushTransmitFIFO
 .text.ETH_DMATransmissionCmd
                0x08004aa8       0x50 ..\obj\stm32f4x7_eth.o
                0x08004aa8                ETH_DMATransmissionCmd
 .text.ETH_DMAReceptionCmd
                0x08004af8       0x50 ..\obj\stm32f4x7_eth.o
                0x08004af8                ETH_DMAReceptionCmd
 .text.ETH_ReadPHYRegister
                0x08004b48       0x9c ..\obj\stm32f4x7_eth.o
                0x08004b48                ETH_ReadPHYRegister
 .text.ETH_WritePHYRegister
                0x08004be4       0xa4 ..\obj\stm32f4x7_eth.o
                0x08004be4                ETH_WritePHYRegister
 .text.ip_addr_isbroadcast
                0x08004c88       0x7c ..\obj\ip_addr.o
                0x08004c88                ip_addr_isbroadcast
 .text.lwip_standard_chksum
                0x08004d04       0x98 ..\obj\inet_chksum.o
 .text.inet_chksum
                0x08004d9c       0x24 ..\obj\inet_chksum.o
                0x08004d9c                inet_chksum
 .text.inet_chksum_pbuf
                0x08004dc0       0x98 ..\obj\inet_chksum.o
                0x08004dc0                inet_chksum_pbuf
 .text.main     0x08004e58       0x30 ..\obj\main.o
                0x08004e58                main
 .text.RCC_GetClocksFreq
                0x08004e88      0x154 ..\obj\stm32f4xx_rcc.o
                0x08004e88                RCC_GetClocksFreq
 .text.RCC_AHB1PeriphClockCmd
                0x08004fdc       0x3c ..\obj\stm32f4xx_rcc.o
                0x08004fdc                RCC_AHB1PeriphClockCmd
 .text.RCC_APB2PeriphClockCmd
                0x08005018       0x3c ..\obj\stm32f4xx_rcc.o
                0x08005018                RCC_APB2PeriphClockCmd
 .text.RCC_AHB1PeriphResetCmd
                0x08005054       0x3c ..\obj\stm32f4xx_rcc.o
                0x08005054                RCC_AHB1PeriphResetCmd
 .text.LwIP_Init
                0x08005090       0x70 ..\obj\netconf.o
                0x08005090                LwIP_Init
 .text.LwIP_Pkt_Handle
                0x08005100       0x10 ..\obj\netconf.o
                0x08005100                LwIP_Pkt_Handle
 .text.LwIP_Periodic_Handle
                0x08005110       0x48 ..\obj\netconf.o
                0x08005110                LwIP_Periodic_Handle
 .text.ADC_Init
                0x08005158       0xa8 ..\obj\stm32f4xx_adc.o
                0x08005158                ADC_Init
 .text.ADC_StructInit
                0x08005200       0x3c ..\obj\stm32f4xx_adc.o
                0x08005200                ADC_StructInit
 .text.ADC_CommonInit
                0x0800523c       0x50 ..\obj\stm32f4xx_adc.o
                0x0800523c                ADC_CommonInit
 .text.ADC_Cmd  0x0800528c       0x38 ..\obj\stm32f4xx_adc.o
                0x0800528c                ADC_Cmd
 .text.ADC_RegularChannelConfig
                0x080052c4      0x188 ..\obj\stm32f4xx_adc.o
                0x080052c4                ADC_RegularChannelConfig
 .text.ADC_SoftwareStartConv
                0x0800544c       0x20 ..\obj\stm32f4xx_adc.o
                0x0800544c                ADC_SoftwareStartConv
 .text.ADC_GetConversionValue
                0x0800546c       0x1c ..\obj\stm32f4xx_adc.o
                0x0800546c                ADC_GetConversionValue
 .text.NVIC_SetPriority
                0x08005488       0x54 ..\obj\stm32f4x7_eth_bsp.o
 .text.SysTick_Config
                0x080054dc       0x44 ..\obj\stm32f4x7_eth_bsp.o
 .text.ETH_BSP_Config
                0x08005520       0x58 ..\obj\stm32f4x7_eth_bsp.o
                0x08005520                ETH_BSP_Config
 .text.ETH_MACDMA_Config
                0x08005578      0x104 ..\obj\stm32f4x7_eth_bsp.o
 .text.ETH_GPIO_Config
                0x0800567c       0xd8 ..\obj\stm32f4x7_eth_bsp.o
 .text.Eth_Link_PHYITConfig
                0x08005754       0x78 ..\obj\stm32f4x7_eth_bsp.o
                0x08005754                Eth_Link_PHYITConfig
 .text.Eth_Link_EXTIConfig
                0x080057cc       0x80 ..\obj\stm32f4x7_eth_bsp.o
                0x080057cc                Eth_Link_EXTIConfig
 .text.Eth_Link_ITHandler
                0x0800584c       0x38 ..\obj\stm32f4x7_eth_bsp.o
                0x0800584c                Eth_Link_ITHandler
 .text.low_level_init
                0x08005884       0xb0 ..\obj\ethernetif.o
 .text.low_level_output
                0x08005934       0x64 ..\obj\ethernetif.o
 .text.low_level_input
                0x08005998       0xf0 ..\obj\ethernetif.o
 .text.ethernetif_input
                0x08005a88       0x48 ..\obj\ethernetif.o
                0x08005a88                ethernetif_input
 .text.ethernetif_init
                0x08005ad0       0x40 ..\obj\ethernetif.o
                0x08005ad0                ethernetif_init
 .text.free_etharp_q
                0x08005b10       0x34 ..\obj\etharp.o
 .text.etharp_tmr
                0x08005b44       0xfc ..\obj\etharp.o
                0x08005b44                etharp_tmr
 .text.find_entry
                0x08005c40      0x2cc ..\obj\etharp.o
 .text.etharp_send_ip
                0x08005f0c       0x64 ..\obj\etharp.o
 .text.update_arp_entry
                0x08005f70      0x150 ..\obj\etharp.o
 .text.etharp_ip_input
                0x080060c0       0x50 ..\obj\etharp.o
                0x080060c0                etharp_ip_input
 .text.etharp_arp_input
                0x08006110      0x1f4 ..\obj\etharp.o
                0x08006110                etharp_arp_input
 .text.etharp_output
                0x08006304       0xf8 ..\obj\etharp.o
                0x08006304                etharp_output
 .text.etharp_query
                0x080063fc      0x250 ..\obj\etharp.o
                0x080063fc                etharp_query
 .text.etharp_raw
                0x0800664c      0x140 ..\obj\etharp.o
                0x0800664c                etharp_raw
 .text.etharp_request
                0x0800678c       0x44 ..\obj\etharp.o
                0x0800678c                etharp_request
 .text.ethernet_input
                0x080067d0       0x88 ..\obj\etharp.o
                0x080067d0                ethernet_input
 .text.strnstr  0x08006858       0x70 ..\obj\httpd.o
 .text.http_state_alloc
                0x080068c8       0x2c ..\obj\httpd.o
 .text.http_state_free
                0x080068f4       0x4c ..\obj\httpd.o
 .text.http_write
                0x08006940       0x70 ..\obj\httpd.o
 .text.http_close_conn
                0x080069b0       0x60 ..\obj\httpd.o
 .text.extract_uri_parameters
                0x08006a10       0xc4 ..\obj\httpd.o
 .text.get_tag_insert
                0x08006ad4      0x104 ..\obj\httpd.o
 .text.http_send_data
                0x08006bd8      0x720 ..\obj\httpd.o
 .text.http_get_404_file
                0x080072f8       0x6c ..\obj\httpd.o
 .text.http_parse_request
                0x08007364      0x180 ..\obj\httpd.o
 .text.http_find_file
                0x080074e4      0x1bc ..\obj\httpd.o
 .text.http_init_file
                0x080076a0       0xd8 ..\obj\httpd.o
 .text.http_err
                0x08007778       0x24 ..\obj\httpd.o
 .text.http_sent
                0x0800779c       0x38 ..\obj\httpd.o
 .text.http_poll
                0x080077d4       0x70 ..\obj\httpd.o
 .text.http_recv
                0x08007844       0xc8 ..\obj\httpd.o
 .text.http_accept
                0x0800790c       0x6c ..\obj\httpd.o
 .text.httpd_init_addr
                0x08007978       0x48 ..\obj\httpd.o
 .text.httpd_init
                0x080079c0       0x18 ..\obj\httpd.o
                0x080079c0                httpd_init
 .text.http_set_ssi_handler
                0x080079d8       0x34 ..\obj\httpd.o
                0x080079d8                http_set_ssi_handler
 .text.http_set_cgi_handlers
                0x08007a0c       0x28 ..\obj\httpd.o
                0x08007a0c                http_set_cgi_handlers
 .text.ADC_Configuration
                0x08007a34       0xa4 ..\obj\httpd_cgi_ssi.o
 .text.ADC_Handler
                0x08007ad8      0x150 ..\obj\httpd_cgi_ssi.o
                0x08007ad8                ADC_Handler
 .text.GPIO_Configuration
                0x08007c28       0x38 ..\obj\httpd_cgi_ssi.o
 .text.LEDS_CGI_Handler
                0x08007c60      0x128 ..\obj\httpd_cgi_ssi.o
                0x08007c60                LEDS_CGI_Handler
 .text.httpd_ssi_init
                0x08007d88       0x1c ..\obj\httpd_cgi_ssi.o
                0x08007d88                httpd_ssi_init
 .text.httpd_cgi_init
                0x08007da4       0x24 ..\obj\httpd_cgi_ssi.o
                0x08007da4                httpd_cgi_init
 .text.pbuf_alloc
                0x08007dc8      0x1f8 ..\obj\pbuf.o
                0x08007dc8                pbuf_alloc
 .text.pbuf_realloc
                0x08007fc0       0xc8 ..\obj\pbuf.o
                0x08007fc0                pbuf_realloc
 .text.pbuf_header
                0x08008088       0xe0 ..\obj\pbuf.o
                0x08008088                pbuf_header
 .text.pbuf_free
                0x08008168       0xa0 ..\obj\pbuf.o
                0x08008168                pbuf_free
 .text.pbuf_clen
                0x08008208       0x30 ..\obj\pbuf.o
                0x08008208                pbuf_clen
 .text.pbuf_ref
                0x08008238       0x24 ..\obj\pbuf.o
                0x08008238                pbuf_ref
 .text.pbuf_cat
                0x0800825c       0x5c ..\obj\pbuf.o
                0x0800825c                pbuf_cat
 .text.pbuf_chain
                0x080082b8       0x20 ..\obj\pbuf.o
                0x080082b8                pbuf_chain
 .text.pbuf_copy
                0x080082d8      0x100 ..\obj\pbuf.o
                0x080082d8                pbuf_copy
 .text.pbuf_copy_partial
                0x080083d8       0xc4 ..\obj\pbuf.o
                0x080083d8                pbuf_copy_partial
 .text.htons    0x0800849c       0x2c ..\obj\inet.o
                0x0800849c                htons
 .text.ntohs    0x080084c8       0x1c ..\obj\inet.o
                0x080084c8                ntohs
 .text.htonl    0x080084e4       0x34 ..\obj\inet.o
                0x080084e4                htonl
 .text.ntohl    0x08008518       0x18 ..\obj\inet.o
                0x08008518                ntohl
 .text.netif_add
                0x08008530       0x90 ..\obj\netif.o
                0x08008530                netif_add
 .text.netif_set_addr
                0x080085c0       0x2c ..\obj\netif.o
                0x080085c0                netif_set_addr
 .text.netif_set_ipaddr
                0x080085ec       0xac ..\obj\netif.o
                0x080085ec                netif_set_ipaddr
 .text.netif_set_gw
                0x08008698       0x28 ..\obj\netif.o
                0x08008698                netif_set_gw
 .text.netif_set_netmask
                0x080086c0       0x28 ..\obj\netif.o
                0x080086c0                netif_set_netmask
 .text.netif_set_default
                0x080086e8       0x1c ..\obj\netif.o
                0x080086e8                netif_set_default
 .text.netif_set_up
                0x08008704       0x48 ..\obj\netif.o
                0x08008704                netif_set_up
 .text.netif_set_down
                0x0800874c       0x34 ..\obj\netif.o
                0x0800874c                netif_set_down
 .text.netif_is_up
                0x08008780       0x28 ..\obj\netif.o
                0x08008780                netif_is_up
 .text.GPIO_Init
                0x080087a8      0x11c ..\obj\stm32f4xx_gpio.o
                0x080087a8                GPIO_Init
 .text.GPIO_PinAFConfig
                0x080088c4       0x8c ..\obj\stm32f4xx_gpio.o
                0x080088c4                GPIO_PinAFConfig
 .text.SystemInit
                0x08008950       0x58 ..\obj\system_stm32f4xx.o
                0x08008950                SystemInit
 .text.SetSysClock
                0x080089a8       0xf4 ..\obj\system_stm32f4xx.o
 .text.udp_input
                0x08008a9c      0x28c ..\obj\udp.o
                0x08008a9c                udp_input
 .text.udp_sendto_if
                0x08008d28      0x128 ..\obj\udp.o
                0x08008d28                udp_sendto_if
 .text.udp_bind
                0x08008e50       0xc0 ..\obj\udp.o
                0x08008e50                udp_bind
 .text.ip_route
                0x08008f10       0x70 ..\obj\ip.o
                0x08008f10                ip_route
 .text.ip_input
                0x08008f80      0x278 ..\obj\ip.o
                0x08008f80                ip_input
 .text.ip_output_if
                0x080091f8      0x194 ..\obj\ip.o
                0x080091f8                ip_output_if
 .text.ip_output
                0x0800938c       0x48 ..\obj\ip.o
                0x0800938c                ip_output
 .text.EXTI_Init
                0x080093d4       0xdc ..\obj\stm32f4xx_exti.o
                0x080093d4                EXTI_Init
 .text.EXTI_GetITStatus
                0x080094b0       0x48 ..\obj\stm32f4xx_exti.o
                0x080094b0                EXTI_GetITStatus
 .text.EXTI_ClearITPendingBit
                0x080094f8       0x1c ..\obj\stm32f4xx_exti.o
                0x080094f8                EXTI_ClearITPendingBit
 .text.icmp_input
                0x08009514      0x200 ..\obj\icmp.o
                0x08009514                icmp_input
 .text.icmp_dest_unreach
                0x08009714       0x20 ..\obj\icmp.o
                0x08009714                icmp_dest_unreach
 .text.icmp_time_exceeded
                0x08009734       0x20 ..\obj\icmp.o
                0x08009734                icmp_time_exceeded
 .text.icmp_send_response
                0x08009754       0xa8 ..\obj\icmp.o
 .text.NVIC_PriorityGroupConfig
                0x080097fc       0x24 ..\obj\misc.o
                0x080097fc                NVIC_PriorityGroupConfig
 .text.NVIC_Init
                0x08009820       0xbc ..\obj\misc.o
                0x08009820                NVIC_Init
 .text.dhcp_arp_reply
                0x080098dc       0x40 ..\obj\dhcp.o
                0x080098dc                dhcp_arp_reply
 .text.dhcp_decline
                0x0800991c       0xd4 ..\obj\dhcp.o
 .text.dhcp_set_state
                0x080099f0       0x2c ..\obj\dhcp.o
 .text.dhcp_option
                0x08009a1c       0x4c ..\obj\dhcp.o
 .text.dhcp_option_byte
                0x08009a68       0x30 ..\obj\dhcp.o
 .text.dhcp_option_long
                0x08009a98       0x8c ..\obj\dhcp.o
 .text.dhcp_create_request
                0x08009b24      0x1e4 ..\obj\dhcp.o
 .text.dhcp_delete_request
                0x08009d08       0x44 ..\obj\dhcp.o
 .text.dhcp_option_trailer
                0x08009d4c       0x60 ..\obj\dhcp.o
 .text.tcp_output_set_header
                0x08009dac       0xec ..\obj\tcp_out.o
 .text.tcp_send_ctrl
                0x08009e98       0x2c ..\obj\tcp_out.o
                0x08009e98                tcp_send_ctrl
 .text.tcp_write
                0x08009ec4       0x60 ..\obj\tcp_out.o
                0x08009ec4                tcp_write
 .text.tcp_enqueue
                0x08009f24      0x5a8 ..\obj\tcp_out.o
                0x08009f24                tcp_enqueue
 .text.tcp_send_empty_ack
                0x0800a4cc       0x68 ..\obj\tcp_out.o
                0x0800a4cc                tcp_send_empty_ack
 .text.tcp_output
                0x0800a534      0x2d4 ..\obj\tcp_out.o
                0x0800a534                tcp_output
 .text.tcp_output_segment
                0x0800a808      0x140 ..\obj\tcp_out.o
 .text.tcp_rst  0x0800a948       0xf0 ..\obj\tcp_out.o
                0x0800a948                tcp_rst
 .text.tcp_rexmit_rto
                0x0800aa38       0x60 ..\obj\tcp_out.o
                0x0800aa38                tcp_rexmit_rto
 .text.tcp_rexmit
                0x0800aa98       0x84 ..\obj\tcp_out.o
                0x0800aa98                tcp_rexmit
 .text.tcp_rexmit_fast
                0x0800ab1c       0xac ..\obj\tcp_out.o
                0x0800ab1c                tcp_rexmit_fast
 .text.tcp_keepalive
                0x0800abc8       0x40 ..\obj\tcp_out.o
                0x0800abc8                tcp_keepalive
 .text.tcp_zero_window_probe
                0x0800ac08       0xe0 ..\obj\tcp_out.o
                0x0800ac08                tcp_zero_window_probe
 .text.raw_input
                0x0800ace8       0xac ..\obj\raw.o
                0x0800ace8                raw_input
 .text          0x0800ad94      0x370 c:/programy/gnu tools arm embedded/4.8 2014q1/bin/../lib/gcc/arm-none-eabi/4.8.3/armv7e-m\libgcc.a(_arm_addsubdf3.o)
                0x0800ad94                __aeabi_drsub
                0x0800ad9c                __aeabi_dsub
                0x0800ad9c                __subdf3
                0x0800ada0                __aeabi_dadd
                0x0800ada0                __adddf3
                0x0800b018                __floatunsidf
                0x0800b018                __aeabi_ui2d
                0x0800b038                __floatsidf
                0x0800b038                __aeabi_i2d
                0x0800b05c                __aeabi_f2d
                0x0800b05c                __extendsfdf2
                0x0800b098                __floatundidf
                0x0800b098                __aeabi_ul2d
                0x0800b0a8                __floatdidf
                0x0800b0a8                __aeabi_l2d
 .text          0x0800b104      0x424 c:/programy/gnu tools arm embedded/4.8 2014q1/bin/../lib/gcc/arm-none-eabi/4.8.3/armv7e-m\libgcc.a(_arm_muldivdf3.o)
                0x0800b104                __aeabi_dmul
                0x0800b104                __muldf3
                0x0800b358                __divdf3
                0x0800b358                __aeabi_ddiv
 .text          0x0800b528       0x40 c:/programy/gnu tools arm embedded/4.8 2014q1/bin/../lib/gcc/arm-none-eabi/4.8.3/armv7e-m\libgcc.a(_arm_fixunsdfsi.o)
                0x0800b528                __aeabi_d2uiz
                0x0800b528                __fixunsdfsi
 .text.memcmp   0x0800b568       0x68 c:/programy/gnu tools arm embedded/4.8 2014q1/bin/../lib/gcc/arm-none-eabi/4.8.3/../../../../arm-none-eabi/lib/armv7e-m\libg.a(lib_a-memcmp.o)
                0x0800b568                memcmp
 .text          0x0800b5d0      0x134 c:/programy/gnu tools arm embedded/4.8 2014q1/bin/../lib/gcc/arm-none-eabi/4.8.3/../../../../arm-none-eabi/lib/armv7e-m\libg.a(lib_a-memcpy.o)
                0x0800b5d0                memcpy
 .text.memset   0x0800b704       0x94 c:/programy/gnu tools arm embedded/4.8 2014q1/bin/../lib/gcc/arm-none-eabi/4.8.3/../../../../arm-none-eabi/lib/armv7e-m\libg.a(lib_a-memset.o)
                0x0800b704                memset
 .text.strchr   0x0800b798       0xf4 c:/programy/gnu tools arm embedded/4.8 2014q1/bin/../lib/gcc/arm-none-eabi/4.8.3/../../../../arm-none-eabi/lib/armv7e-m\libg.a(lib_a-strchr.o)
                0x0800b798                strchr
 .text          0x0800b88c      0x21c c:/programy/gnu tools arm embedded/4.8 2014q1/bin/../lib/gcc/arm-none-eabi/4.8.3/../../../../arm-none-eabi/lib/armv7e-m\libg.a(lib_a-strcmp.o)
                0x0800b88c                strcmp
 .text.strlen   0x0800baa8       0x60 c:/programy/gnu tools arm embedded/4.8 2014q1/bin/../lib/gcc/arm-none-eabi/4.8.3/../../../../arm-none-eabi/lib/armv7e-m\libg.a(lib_a-strlen.o)
                0x0800baa8                strlen
 .text.strncmp  0x0800bb08       0xb4 c:/programy/gnu tools arm embedded/4.8 2014q1/bin/../lib/gcc/arm-none-eabi/4.8.3/../../../../arm-none-eabi/lib/armv7e-m\libg.a(lib_a-strncmp.o)
                0x0800bb08                strncmp
 .text.critical_factorization
                0x0800bbbc       0xbc c:/programy/gnu tools arm embedded/4.8 2014q1/bin/../lib/gcc/arm-none-eabi/4.8.3/../../../../arm-none-eabi/lib/armv7e-m\libg.a(lib_a-strstr.o)
 .text.two_way_long_needle
                0x0800bc78      0x1ec c:/programy/gnu tools arm embedded/4.8 2014q1/bin/../lib/gcc/arm-none-eabi/4.8.3/../../../../arm-none-eabi/lib/armv7e-m\libg.a(lib_a-strstr.o)
 .text.strstr   0x0800be64      0x200 c:/programy/gnu tools arm embedded/4.8 2014q1/bin/../lib/gcc/arm-none-eabi/4.8.3/../../../../arm-none-eabi/lib/armv7e-m\libg.a(lib_a-strstr.o)
                0x0800be64                strstr
 .text.memchr   0x0800c064       0x90 c:/programy/gnu tools arm embedded/4.8 2014q1/bin/../lib/gcc/arm-none-eabi/4.8.3/../../../../arm-none-eabi/lib/armv7e-m\libg.a(lib_a-memchr-stub.o)
                0x0800c064                memchr
 *(.init)
 *(.fini)
 *crtbegin.o(.ctors)
 *crtbegin?.o(.ctors)
 *(EXCLUDE_FILE(*crtend.o *crtend?.o) .ctors)
 *(SORT(.ctors.*))
 *(.ctors)
 *crtbegin.o(.dtors)
 *crtbegin?.o(.dtors)
 *(EXCLUDE_FILE(*crtend.o *crtend?.o) .dtors)
 *(SORT(.dtors.*))
 *(.dtors)
 *(.rodata*)
 .rodata        0x0800c0f4       0x90 ..\obj\tcp.o
                0x0800c16c                tcp_backoff
                0x0800c17c                tcp_persist_backoff
 .rodata        0x0800c184       0x28 ..\obj\memp.o
 .rodata        0x0800c1ac      0x3b8 ..\obj\fs.o
                0x0800c550                file__index_html
 .rodata        0x0800c564        0x8 ..\obj\ip_addr.o
                0x0800c564                ip_addr_any
                0x0800c568                ip_addr_broadcast
 .rodata        0x0800c56c       0x10 ..\obj\etharp.o
                0x0800c56c                ethbroadcast
                0x0800c574                ethzero
 .rodata        0x0800c57c       0xf4 ..\obj\httpd.o
                0x0800c5bc                g_psDefaultFilenames
                0x0800c60c                g_pcTagLeadIn
                0x0800c614                g_pcTagLeadOut
 .rodata        0x0800c670       0x38 ..\obj\httpd_cgi_ssi.o
                0x0800c680                LEDS_CGI
 *(.eh_fram e*)

.glue_7         0x0800c6a8        0x0
 .glue_7        0x00000000        0x0 linker stubs

.glue_7t        0x0800c6a8        0x0
 .glue_7t       0x00000000        0x0 linker stubs

.vfp11_veneer   0x0800c6a8        0x0
 .vfp11_veneer  0x00000000        0x0 linker stubs

.v4_bx          0x0800c6a8        0x0
 .v4_bx         0x00000000        0x0 linker stubs

.iplt           0x0800c6a8        0x0
 .iplt          0x00000000        0x0 ..\obj\stm32f4xx_syscfg.o

.rel.dyn        0x0800c6a8        0x0
 .rel.iplt      0x00000000        0x0 ..\obj\stm32f4xx_syscfg.o

.ARM.extab
 *(.ARM.extab* .gnu.linkonce.armextab.*)
                0x0800c6a8                __exidx_start = .

.ARM.exidx
 *(.ARM.exidx* .gnu.linkonce.armexidx.*)
                0x0800c6a8                __exidx_end = .
                0x0800c6a8                __etext = .
                0x0800c6a8                _sidata = __etext

.data           0x20000000       0xb8 load address 0x0800c6a8
                0x20000000                __data_start__ = .
                0x20000000                _sdata = __data_start__
 *(vtable)
 *(.data*)
 .data          0x20000000       0x34 ..\obj\tcp.o
                0x20000000                tcp_state_str
 .data          0x20000034       0x50 ..\obj\stm32_ub_led.o
                0x20000034                LED
 .data          0x20000084       0x10 ..\obj\stm32f4xx_rcc.o
 .data          0x20000094       0x10 ..\obj\httpd.o
                0x20000094                g_pcSSIExtensions
 .data          0x200000a4       0x10 ..\obj\httpd_cgi_ssi.o
                0x200000a4                ADC_not_configured
                0x200000a8                GPIO_not_configured
                0x200000ac                TAGCHAR
                0x200000b0                TAGS
 .data          0x200000b4        0x4 ..\obj\dhcp.o
                0x200000b8                . = ALIGN (0x4)
                0x200000b8                PROVIDE (__preinit_array_start, .)
 *(.preinit_array)
                0x200000b8                PROVIDE (__preinit_array_end, .)
                0x200000b8                . = ALIGN (0x4)
                0x200000b8                PROVIDE (__init_array_start, .)
 *(SORT(.init_array.*))
 *(.init_array)
                0x200000b8                PROVIDE (__init_array_end, .)
                0x200000b8                . = ALIGN (0x4)
                0x200000b8                PROVIDE (__fini_array_start, .)
 *(SORT(.fini_array.*))
 *(.fini_array)
                0x200000b8                PROVIDE (__fini_array_end, .)
 *(.jcr*)
                0x200000b8                . = ALIGN (0x4)
                0x200000b8                __data_end__ = .
                0x200000b8                _edata = __data_end__

.igot.plt       0x200000b8        0x0 load address 0x0800c760
 .igot.plt      0x00000000        0x0 ..\obj\stm32f4xx_syscfg.o

.bss            0x200000b8     0x7d70 load address 0x0800c760
                0x200000b8                . = ALIGN (0x4)
                0x200000b8                __bss_start__ = .
                0x200000b8                _sbss = __bss_start__
 *(.bss*)
 .bss           0x200000b8        0x4 ..\obj\stm32_ub_http_server.o
                0x200000b8                LocalTime
 .bss           0x200000bc     0x2824 ..\obj\mem.o
 .bss           0x200028e0        0x1 ..\obj\tcp.o
 *fill*         0x200028e1        0x3 
 .bss           0x200028e4       0x30 ..\obj\tcp_in.o
 .bss           0x20002914     0x2438 ..\obj\memp.o
 .bss           0x20004d4c      0x5e8 ..\obj\ip_frag.o
 .bss           0x20005334        0xc ..\obj\netconf.o
                0x20005334                TCPTimer
                0x20005338                ARPTimer
                0x2000533c                IPaddress
 .bss           0x20005340        0x8 ..\obj\stm32f4x7_eth_bsp.o
                0x20005340                EthInitStatus
                0x20005344                EthLinkStatus
 .bss           0x20005348       0xcc ..\obj\etharp.o
 .bss           0x20005414      0x414 ..\obj\httpd.o
                0x20005814                g_pfnSSIHandler
                0x20005818                g_iNumTags
                0x2000581c                g_ppcTags
                0x20005820                g_pCGIs
                0x20005824                g_iNumCGIs
 .bss           0x20005828        0x1 ..\obj\netif.o
 *fill*         0x20005829        0x1 
 .bss           0x2000582a        0x2 ..\obj\ip.o
 .bss           0x2000582c        0x4 ..\obj\raw.o
 *(COMMON)
 COMMON         0x20005830       0x18 ..\obj\tcp.o
                0x20005830                tcp_active_pcbs
                0x20005834                tcp_ticks
                0x20005838                tcp_listen_pcbs
                0x2000583c                tcp_tmp_pcb
                0x20005840                tcp_bound_pcbs
                0x20005844                tcp_tw_pcbs
 COMMON         0x20005848        0x4 ..\obj\tcp_in.o
                0x20005848                tcp_input_pcb
 COMMON         0x2000584c       0xf0 ..\obj\fs.o
                0x2000584c                fs_memory
 COMMON         0x2000593c     0x2494 ..\obj\stm32f4x7_eth.o
                0x2000593c                RX_Frame_Descriptor
                0x20005948                DMARxDescToGet
                0x2000594c                DMATxDescToSet
                0x20005950                DMATxDscrTab
                0x20005990                Rx_Buff
                0x20007160                Frame_Rx_index
                0x20007164                DMA_RX_FRAME_infos
                0x20007168                DMARxDscrTab
                0x200071e8                Tx_Buff
 COMMON         0x20007dd0       0x38 ..\obj\netconf.o
                0x20007dd0                netif
 COMMON         0x20007e08        0xc ..\obj\httpd_cgi_ssi.o
                0x20007e08                ADC_Page_SSI_Handler
                0x20007e0c                CGI_TAB
 COMMON         0x20007e14        0x8 ..\obj\netif.o
                0x20007e14                netif_list
                0x20007e18                netif_default
 COMMON         0x20007e1c        0x4 ..\obj\udp.o
                0x20007e1c                udp_pcbs
 COMMON         0x20007e20        0x8 ..\obj\ip.o
                0x20007e20                current_netif
                0x20007e24                current_header
                0x20007e28                . = ALIGN (0x4)
                0x20007e28                __bss_end__ = .
                0x20007e28                _ebss = __bss_end__

.heap           0x20007e28        0x0
                0x20007e28                __end__ = .
                0x20007e28                _end = __end__
                0x20007e28                end = __end__
 *(.heap*)
                0x20007e28                __HeapLimit = .

.co_stack       0x20007e28      0x800 load address 0x080144d0
                0x20007e28                . = ALIGN (0x8)
 *(.co_stack .co_stack.*)
 .co_stack      0x20007e28      0x800 ..\obj\startup_stm32f4xx.o
                0x20007e28                pulStack
                0x20020000                __StackTop = (ORIGIN (ram) + 0x20000)
                0x2001f800                __StackLimit = (__StackTop - SIZEOF (.co_stack))
                0x20020000                PROVIDE (__stack, __StackTop)
                0x00000001                ASSERT ((__StackLimit >= __HeapLimit), region ram  overflowed with stack)
LOAD ..\obj\stm32f4xx_syscfg.o
LOAD ..\obj\stm32_ub_http_server.o
LOAD ..\obj\mem.o
LOAD ..\obj\tcp.o
LOAD ..\obj\err.o
LOAD ..\obj\randm.o
LOAD ..\obj\mib_structs.o
LOAD ..\obj\tcp_in.o
LOAD ..\obj\slipif.o
LOAD ..\obj\memp.o
LOAD ..\obj\autoip.o
LOAD ..\obj\ip_frag.o
LOAD ..\obj\msg_out.o
LOAD ..\obj\netbuf.o
LOAD ..\obj\tcpip.o
LOAD ..\obj\asn1_dec.o
LOAD ..\obj\lcp.o
LOAD ..\obj\vj.o
LOAD ..\obj\fs.o
LOAD ..\obj\startup_stm32f4xx.o
LOAD ..\obj\stm32_ub_led.o
LOAD ..\obj\stm32f4x7_eth.o
LOAD ..\obj\sys.o
LOAD ..\obj\ip_addr.o
LOAD ..\obj\inet_chksum.o
LOAD ..\obj\main.o
LOAD ..\obj\stm32f4xx_rcc.o
LOAD ..\obj\netconf.o
LOAD ..\obj\mib2.o
LOAD ..\obj\netdb.o
LOAD ..\obj\init.o
LOAD ..\obj\stm32f4xx_adc.o
LOAD ..\obj\stm32f4x7_eth_bsp.o
LOAD ..\obj\ethernetif.o
LOAD ..\obj\chpms.o
LOAD ..\obj\etharp.o
LOAD ..\obj\httpd.o
LOAD ..\obj\magic.o
LOAD ..\obj\httpd_cgi_ssi.o
LOAD ..\obj\pbuf.o
LOAD ..\obj\stats.o
LOAD ..\obj\inet.o
LOAD ..\obj\msg_in.o
LOAD ..\obj\netif.o
LOAD ..\obj\asn1_enc.o
LOAD ..\obj\fsm.o
LOAD ..\obj\api_msg.o
LOAD ..\obj\chap.o
LOAD ..\obj\stm32f4xx_gpio.o
LOAD ..\obj\md5.o
LOAD ..\obj\system_stm32f4xx.o
LOAD ..\obj\sockets.o
LOAD ..\obj\igmp.o
LOAD ..\obj\pap.o
LOAD ..\obj\udp.o
LOAD ..\obj\ip.o
LOAD ..\obj\auth.o
LOAD ..\obj\stm32f4xx_exti.o
LOAD ..\obj\icmp.o
LOAD ..\obj\ppp_oe.o
LOAD ..\obj\dns.o
LOAD ..\obj\netifapi.o
LOAD ..\obj\misc.o
LOAD ..\obj\api_lib.o
LOAD ..\obj\dhcp.o
LOAD ..\obj\ppp.o
LOAD ..\obj\ipcp.o
LOAD ..\obj\tcp_out.o
LOAD ..\obj\loopif.o
LOAD ..\obj\raw.o
START GROUP
LOAD c:/programy/gnu tools arm embedded/4.8 2014q1/bin/../lib/gcc/arm-none-eabi/4.8.3/armv7e-m\libgcc.a
LOAD c:/programy/gnu tools arm embedded/4.8 2014q1/bin/../lib/gcc/arm-none-eabi/4.8.3/../../../../arm-none-eabi/lib/armv7e-m\libg.a
LOAD c:/programy/gnu tools arm embedded/4.8 2014q1/bin/../lib/gcc/arm-none-eabi/4.8.3/../../../../arm-none-eabi/lib/armv7e-m\libc.a
END GROUP
OUTPUT(Demo_40.elf elf32-littlearm)

.debug_info     0x00000000    0x123a4
 .debug_info    0x00000000      0x26c ..\obj\stm32f4xx_syscfg.o
 .debug_info    0x0000026c      0x172 ..\obj\stm32_ub_http_server.o
 .debug_info    0x000003de      0x345 ..\obj\mem.o
 .debug_info    0x00000723     0x1143 ..\obj\tcp.o
 .debug_info    0x00001866      0xbeb ..\obj\tcp_in.o
 .debug_info    0x00002451      0x253 ..\obj\memp.o
 .debug_info    0x000026a4      0x653 ..\obj\autoip.o
 .debug_info    0x00002cf7      0x8a9 ..\obj\ip_frag.o
 .debug_info    0x000035a0      0x325 ..\obj\fs.o
 .debug_info    0x000038c5       0xed ..\obj\startup_stm32f4xx.o
 .debug_info    0x000039b2      0x41a ..\obj\stm32_ub_led.o
 .debug_info    0x00003dcc     0x1920 ..\obj\stm32f4x7_eth.o
 .debug_info    0x000056ec      0x2ff ..\obj\ip_addr.o
 .debug_info    0x000059eb      0x2a0 ..\obj\inet_chksum.o
 .debug_info    0x00005c8b      0x110 ..\obj\main.o
 .debug_info    0x00005d9b      0xc4d ..\obj\stm32f4xx_rcc.o
 .debug_info    0x000069e8      0x689 ..\obj\netconf.o
 .debug_info    0x00007071      0xc38 ..\obj\stm32f4xx_adc.o
 .debug_info    0x00007ca9      0xd13 ..\obj\stm32f4x7_eth_bsp.o
 .debug_info    0x000089bc      0xa92 ..\obj\ethernetif.o
 .debug_info    0x0000944e      0xef1 ..\obj\etharp.o
 .debug_info    0x0000a33f     0x10f1 ..\obj\httpd.o
 .debug_info    0x0000b430      0x72b ..\obj\httpd_cgi_ssi.o
 .debug_info    0x0000bb5b      0x667 ..\obj\pbuf.o
 .debug_info    0x0000c1c2      0x2e1 ..\obj\inet.o
 .debug_info    0x0000c4a3      0xe3c ..\obj\netif.o
 .debug_info    0x0000d2df      0x602 ..\obj\stm32f4xx_gpio.o
 .debug_info    0x0000d8e1      0x592 ..\obj\system_stm32f4xx.o
 .debug_info    0x0000de73      0xabb ..\obj\udp.o
 .debug_info    0x0000e92e      0x8ba ..\obj\ip.o
 .debug_info    0x0000f1e8      0x347 ..\obj\stm32f4xx_exti.o
 .debug_info    0x0000f52f      0x591 ..\obj\icmp.o
 .debug_info    0x0000fac0      0x53d ..\obj\misc.o
 .debug_info    0x0000fffd     0x1057 ..\obj\dhcp.o
 .debug_info    0x00011054      0xcc0 ..\obj\tcp_out.o
 .debug_info    0x00011d14      0x690 ..\obj\raw.o

.debug_abbrev   0x00000000     0x399c
 .debug_abbrev  0x00000000      0x131 ..\obj\stm32f4xx_syscfg.o
 .debug_abbrev  0x00000131       0xe7 ..\obj\stm32_ub_http_server.o
 .debug_abbrev  0x00000218      0x15e ..\obj\mem.o
 .debug_abbrev  0x00000376      0x2c4 ..\obj\tcp.o
 .debug_abbrev  0x0000063a      0x1e9 ..\obj\tcp_in.o
 .debug_abbrev  0x00000823      0x11e ..\obj\memp.o
 .debug_abbrev  0x00000941      0x1a5 ..\obj\autoip.o
 .debug_abbrev  0x00000ae6      0x1df ..\obj\ip_frag.o
 .debug_abbrev  0x00000cc5      0x158 ..\obj\fs.o
 .debug_abbrev  0x00000e1d       0xb0 ..\obj\startup_stm32f4xx.o
 .debug_abbrev  0x00000ecd      0x149 ..\obj\stm32_ub_led.o
 .debug_abbrev  0x00001016      0x233 ..\obj\stm32f4x7_eth.o
 .debug_abbrev  0x00001249       0xf3 ..\obj\ip_addr.o
 .debug_abbrev  0x0000133c      0x13c ..\obj\inet_chksum.o
 .debug_abbrev  0x00001478       0x90 ..\obj\main.o
 .debug_abbrev  0x00001508      0x1e3 ..\obj\stm32f4xx_rcc.o
 .debug_abbrev  0x000016eb      0x141 ..\obj\netconf.o
 .debug_abbrev  0x0000182c      0x196 ..\obj\stm32f4xx_adc.o
 .debug_abbrev  0x000019c2      0x1f8 ..\obj\stm32f4x7_eth_bsp.o
 .debug_abbrev  0x00001bba      0x206 ..\obj\ethernetif.o
 .debug_abbrev  0x00001dc0      0x20a ..\obj\etharp.o
 .debug_abbrev  0x00001fca      0x229 ..\obj\httpd.o
 .debug_abbrev  0x000021f3      0x18d ..\obj\httpd_cgi_ssi.o
 .debug_abbrev  0x00002380      0x1a3 ..\obj\pbuf.o
 .debug_abbrev  0x00002523      0x130 ..\obj\inet.o
 .debug_abbrev  0x00002653      0x256 ..\obj\netif.o
 .debug_abbrev  0x000028a9      0x1a3 ..\obj\stm32f4xx_gpio.o
 .debug_abbrev  0x00002a4c      0x136 ..\obj\system_stm32f4xx.o
 .debug_abbrev  0x00002b82      0x20c ..\obj\udp.o
 .debug_abbrev  0x00002d8e      0x195 ..\obj\ip.o
 .debug_abbrev  0x00002f23      0x1a5 ..\obj\stm32f4xx_exti.o
 .debug_abbrev  0x000030c8      0x19a ..\obj\icmp.o
 .debug_abbrev  0x00003262      0x145 ..\obj\misc.o
 .debug_abbrev  0x000033a7      0x21a ..\obj\dhcp.o
 .debug_abbrev  0x000035c1      0x224 ..\obj\tcp_out.o
 .debug_abbrev  0x000037e5      0x1b7 ..\obj\raw.o

.debug_aranges  0x00000000     0x1188
 .debug_aranges
                0x00000000       0x48 ..\obj\stm32f4xx_syscfg.o
 .debug_aranges
                0x00000048       0x38 ..\obj\stm32_ub_http_server.o
 .debug_aranges
                0x00000080       0x48 ..\obj\mem.o
 .debug_aranges
                0x000000c8      0x110 ..\obj\tcp.o
 .debug_aranges
                0x000001d8       0x48 ..\obj\tcp_in.o
 .debug_aranges
                0x00000220       0x30 ..\obj\memp.o
 .debug_aranges
                0x00000250       0x78 ..\obj\autoip.o
 .debug_aranges
                0x000002c8       0x58 ..\obj\ip_frag.o
 .debug_aranges
                0x00000320       0x48 ..\obj\fs.o
 .debug_aranges
                0x00000368       0x28 ..\obj\startup_stm32f4xx.o
 .debug_aranges
                0x00000390       0x40 ..\obj\stm32_ub_led.o
 .debug_aranges
                0x000003d0      0x2b8 ..\obj\stm32f4x7_eth.o
 .debug_aranges
                0x00000688       0x20 ..\obj\ip_addr.o
 .debug_aranges
                0x000006a8       0x38 ..\obj\inet_chksum.o
 .debug_aranges
                0x000006e0       0x20 ..\obj\main.o
 .debug_aranges
                0x00000700      0x178 ..\obj\stm32f4xx_rcc.o
 .debug_aranges
                0x00000878       0x30 ..\obj\netconf.o
 .debug_aranges
                0x000008a8      0x148 ..\obj\stm32f4xx_adc.o
 .debug_aranges
                0x000009f0       0x58 ..\obj\stm32f4x7_eth_bsp.o
 .debug_aranges
                0x00000a48       0x40 ..\obj\ethernetif.o
 .debug_aranges
                0x00000a88       0x80 ..\obj\etharp.o
 .debug_aranges
                0x00000b08       0xc0 ..\obj\httpd.o
 .debug_aranges
                0x00000bc8       0x48 ..\obj\httpd_cgi_ssi.o
 .debug_aranges
                0x00000c10       0x80 ..\obj\pbuf.o
 .debug_aranges
                0x00000c90       0x50 ..\obj\inet.o
 .debug_aranges
                0x00000ce0       0x70 ..\obj\netif.o
 .debug_aranges
                0x00000d50       0x88 ..\obj\stm32f4xx_gpio.o
 .debug_aranges
                0x00000dd8       0x30 ..\obj\system_stm32f4xx.o
 .debug_aranges
                0x00000e08       0x68 ..\obj\udp.o
 .debug_aranges
                0x00000e70       0x38 ..\obj\ip.o
 .debug_aranges
                0x00000ea8       0x58 ..\obj\stm32f4xx_exti.o
 .debug_aranges
                0x00000f00       0x38 ..\obj\icmp.o
 .debug_aranges
                0x00000f38       0x40 ..\obj\misc.o
 .debug_aranges
                0x00000f78      0x138 ..\obj\dhcp.o
 .debug_aranges
                0x000010b0       0x80 ..\obj\tcp_out.o
 .debug_aranges
                0x00001130       0x58 ..\obj\raw.o

.debug_ranges   0x00000000      0xf48
 .debug_ranges  0x00000000       0x38 ..\obj\stm32f4xx_syscfg.o
 .debug_ranges  0x00000038       0x28 ..\obj\stm32_ub_http_server.o
 .debug_ranges  0x00000060       0x38 ..\obj\mem.o
 .debug_ranges  0x00000098      0x100 ..\obj\tcp.o
 .debug_ranges  0x00000198       0x38 ..\obj\tcp_in.o
 .debug_ranges  0x000001d0       0x20 ..\obj\memp.o
 .debug_ranges  0x000001f0       0x68 ..\obj\autoip.o
 .debug_ranges  0x00000258       0x48 ..\obj\ip_frag.o
 .debug_ranges  0x000002a0       0x38 ..\obj\fs.o
 .debug_ranges  0x000002d8       0x18 ..\obj\startup_stm32f4xx.o
 .debug_ranges  0x000002f0       0x30 ..\obj\stm32_ub_led.o
 .debug_ranges  0x00000320      0x2a8 ..\obj\stm32f4x7_eth.o
 .debug_ranges  0x000005c8       0x10 ..\obj\ip_addr.o
 .debug_ranges  0x000005d8       0x28 ..\obj\inet_chksum.o
 .debug_ranges  0x00000600       0x10 ..\obj\main.o
 .debug_ranges  0x00000610      0x168 ..\obj\stm32f4xx_rcc.o
 .debug_ranges  0x00000778       0x20 ..\obj\netconf.o
 .debug_ranges  0x00000798      0x138 ..\obj\stm32f4xx_adc.o
 .debug_ranges  0x000008d0       0x48 ..\obj\stm32f4x7_eth_bsp.o
 .debug_ranges  0x00000918       0x30 ..\obj\ethernetif.o
 .debug_ranges  0x00000948       0x70 ..\obj\etharp.o
 .debug_ranges  0x000009b8       0xb0 ..\obj\httpd.o
 .debug_ranges  0x00000a68       0x38 ..\obj\httpd_cgi_ssi.o
 .debug_ranges  0x00000aa0       0x70 ..\obj\pbuf.o
 .debug_ranges  0x00000b10       0x40 ..\obj\inet.o
 .debug_ranges  0x00000b50       0x60 ..\obj\netif.o
 .debug_ranges  0x00000bb0       0x78 ..\obj\stm32f4xx_gpio.o
 .debug_ranges  0x00000c28       0x20 ..\obj\system_stm32f4xx.o
 .debug_ranges  0x00000c48       0x58 ..\obj\udp.o
 .debug_ranges  0x00000ca0       0x28 ..\obj\ip.o
 .debug_ranges  0x00000cc8       0x48 ..\obj\stm32f4xx_exti.o
 .debug_ranges  0x00000d10       0x28 ..\obj\icmp.o
 .debug_ranges  0x00000d38       0x30 ..\obj\misc.o
 .debug_ranges  0x00000d68      0x128 ..\obj\dhcp.o
 .debug_ranges  0x00000e90       0x70 ..\obj\tcp_out.o
 .debug_ranges  0x00000f00       0x48 ..\obj\raw.o

.debug_line     0x00000000     0x8c90
 .debug_line    0x00000000      0x228 ..\obj\stm32f4xx_syscfg.o
 .debug_line    0x00000228      0x226 ..\obj\stm32_ub_http_server.o
 .debug_line    0x0000044e      0x27a ..\obj\mem.o
 .debug_line    0x000006c8      0x7b0 ..\obj\tcp.o
 .debug_line    0x00000e78      0x706 ..\obj\tcp_in.o
 .debug_line    0x0000157e      0x1d5 ..\obj\memp.o
 .debug_line    0x00001753      0x40b ..\obj\autoip.o
 .debug_line    0x00001b5e      0x416 ..\obj\ip_frag.o
 .debug_line    0x00001f74      0x1a7 ..\obj\fs.o
 .debug_line    0x0000211b       0xa9 ..\obj\startup_stm32f4xx.o
 .debug_line    0x000021c4      0x280 ..\obj\stm32_ub_led.o
 .debug_line    0x00002444      0xad1 ..\obj\stm32f4x7_eth.o
 .debug_line    0x00002f15      0x20a ..\obj\ip_addr.o
 .debug_line    0x0000311f      0x268 ..\obj\inet_chksum.o
 .debug_line    0x00003387      0x1cd ..\obj\main.o
 .debug_line    0x00003554      0x5b3 ..\obj\stm32f4xx_rcc.o
 .debug_line    0x00003b07      0x326 ..\obj\netconf.o
 .debug_line    0x00003e2d      0x56b ..\obj\stm32f4xx_adc.o
 .debug_line    0x00004398      0x37a ..\obj\stm32f4x7_eth_bsp.o
 .debug_line    0x00004712      0x47c ..\obj\ethernetif.o
 .debug_line    0x00004b8e      0x582 ..\obj\etharp.o
 .debug_line    0x00005110      0x7be ..\obj\httpd.o
 .debug_line    0x000058ce      0x358 ..\obj\httpd_cgi_ssi.o
 .debug_line    0x00005c26      0x444 ..\obj\pbuf.o
 .debug_line    0x0000606a      0x294 ..\obj\inet.o
 .debug_line    0x000062fe      0x3a5 ..\obj\netif.o
 .debug_line    0x000066a3      0x358 ..\obj\stm32f4xx_gpio.o
 .debug_line    0x000069fb      0x1f0 ..\obj\system_stm32f4xx.o
 .debug_line    0x00006beb      0x43a ..\obj\udp.o
 .debug_line    0x00007025      0x35d ..\obj\ip.o
 .debug_line    0x00007382      0x2be ..\obj\stm32f4xx_exti.o
 .debug_line    0x00007640      0x289 ..\obj\icmp.o
 .debug_line    0x000078c9      0x25e ..\obj\misc.o
 .debug_line    0x00007b27      0x8d3 ..\obj\dhcp.o
 .debug_line    0x000083fa      0x57f ..\obj\tcp_out.o
 .debug_line    0x00008979      0x317 ..\obj\raw.o

.debug_str      0x00000000     0x5990
 .debug_str     0x00000000      0x29e ..\obj\stm32f4xx_syscfg.o
                                0x2fc (size before relaxing)
 .debug_str     0x0000029e      0x148 ..\obj\stm32_ub_http_server.o
                                0x295 (size before relaxing)
 .debug_str     0x000003e6      0x118 ..\obj\mem.o
                                0x278 (size before relaxing)
 .debug_str     0x000004fe      0x5cb ..\obj\tcp.o
                                0x827 (size before relaxing)
 .debug_str     0x00000ac9      0x170 ..\obj\tcp_in.o
                                0x6be (size before relaxing)
 .debug_str     0x00000c39       0xb5 ..\obj\memp.o
                                0x2b2 (size before relaxing)
 .debug_str     0x00000cee      0x1fd ..\obj\autoip.o
                                0x410 (size before relaxing)
 .debug_str     0x00000eeb      0x291 ..\obj\ip_frag.o
                                0x57f (size before relaxing)
 .debug_str     0x0000117c      0x11b ..\obj\fs.o
                                0x295 (size before relaxing)
 .debug_str     0x00001297       0xb8 ..\obj\startup_stm32f4xx.o
                                0x14f (size before relaxing)
 .debug_str     0x0000134f      0x2ad ..\obj\stm32_ub_led.o
                                0x406 (size before relaxing)
 .debug_str     0x000015fc     0x1264 ..\obj\stm32f4x7_eth.o
                               0x146b (size before relaxing)
 .debug_str     0x00002860       0x98 ..\obj\ip_addr.o
                                0x291 (size before relaxing)
 .debug_str     0x000028f8       0xcc ..\obj\inet_chksum.o
                                0x272 (size before relaxing)
 .debug_str     0x000029c4       0x3c ..\obj\main.o
                                0x231 (size before relaxing)
 .debug_str     0x00002a00      0x5eb ..\obj\stm32f4xx_rcc.o
                                0x858 (size before relaxing)
 .debug_str     0x00002feb      0x1f0 ..\obj\netconf.o
                                0x484 (size before relaxing)
 .debug_str     0x000031db      0x63c ..\obj\stm32f4xx_adc.o
                                0x80c (size before relaxing)
 .debug_str     0x00003817      0x837 ..\obj\stm32f4x7_eth_bsp.o
                               0x1047 (size before relaxing)
 .debug_str     0x0000404e       0xd6 ..\obj\ethernetif.o
                                0x6de (size before relaxing)
 .debug_str     0x00004124      0x295 ..\obj\etharp.o
                                0x802 (size before relaxing)
 .debug_str     0x000043b9      0x3ca ..\obj\httpd.o
                                0x86a (size before relaxing)
 .debug_str     0x00004783      0x19c ..\obj\httpd_cgi_ssi.o
                                0x67a (size before relaxing)
 .debug_str     0x0000491f      0x19f ..\obj\pbuf.o
                                0x444 (size before relaxing)
 .debug_str     0x00004abe       0xae ..\obj\inet.o
                                0x21b (size before relaxing)
 .debug_str     0x00004b6c      0x11c ..\obj\netif.o
                                0x762 (size before relaxing)
 .debug_str     0x00004c88      0x1a5 ..\obj\stm32f4xx_gpio.o
                                0x4ab (size before relaxing)
 .debug_str     0x00004e2d       0xcc ..\obj\system_stm32f4xx.o
                                0x3b2 (size before relaxing)
 .debug_str     0x00004ef9      0x175 ..\obj\udp.o
                                0x664 (size before relaxing)
 .debug_str     0x0000506e       0xd6 ..\obj\ip.o
                                0x545 (size before relaxing)
 .debug_str     0x00005144      0x108 ..\obj\stm32f4xx_exti.o
                                0x361 (size before relaxing)
 .debug_str     0x0000524c       0xe3 ..\obj\icmp.o
                                0x3fe (size before relaxing)
 .debug_str     0x0000532f      0x114 ..\obj\misc.o
                                0x3d6 (size before relaxing)
 .debug_str     0x00005443      0x321 ..\obj\dhcp.o
                                0x799 (size before relaxing)
 .debug_str     0x00005764      0x15e ..\obj\tcp_out.o
                                0x6b6 (size before relaxing)
 .debug_str     0x000058c2       0xce ..\obj\raw.o
                                0x41e (size before relaxing)

.comment        0x00000000       0x70
 .comment       0x00000000       0x70 ..\obj\stm32f4xx_syscfg.o
                                 0x71 (size before relaxing)
 .comment       0x00000000       0x71 ..\obj\stm32_ub_http_server.o
 .comment       0x00000000       0x71 ..\obj\mem.o
 .comment       0x00000000       0x71 ..\obj\tcp.o
 .comment       0x00000000       0x71 ..\obj\tcp_in.o
 .comment       0x00000000       0x71 ..\obj\memp.o
 .comment       0x00000000       0x71 ..\obj\autoip.o
 .comment       0x00000000       0x71 ..\obj\ip_frag.o
 .comment       0x00000000       0x71 ..\obj\fs.o
 .comment       0x00000000       0x71 ..\obj\startup_stm32f4xx.o
 .comment       0x00000000       0x71 ..\obj\stm32_ub_led.o
 .comment       0x00000000       0x71 ..\obj\stm32f4x7_eth.o
 .comment       0x00000000       0x71 ..\obj\ip_addr.o
 .comment       0x00000000       0x71 ..\obj\inet_chksum.o
 .comment       0x00000000       0x71 ..\obj\main.o
 .comment       0x00000000       0x71 ..\obj\stm32f4xx_rcc.o
 .comment       0x00000000       0x71 ..\obj\netconf.o
 .comment       0x00000000       0x71 ..\obj\stm32f4xx_adc.o
 .comment       0x00000000       0x71 ..\obj\stm32f4x7_eth_bsp.o
 .comment       0x00000000       0x71 ..\obj\ethernetif.o
 .comment       0x00000000       0x71 ..\obj\etharp.o
 .comment       0x00000000       0x71 ..\obj\httpd.o
 .comment       0x00000000       0x71 ..\obj\httpd_cgi_ssi.o
 .comment       0x00000000       0x71 ..\obj\pbuf.o
 .comment       0x00000000       0x71 ..\obj\inet.o
 .comment       0x00000000       0x71 ..\obj\netif.o
 .comment       0x00000000       0x71 ..\obj\stm32f4xx_gpio.o
 .comment       0x00000000       0x71 ..\obj\system_stm32f4xx.o
 .comment       0x00000000       0x71 ..\obj\udp.o
 .comment       0x00000000       0x71 ..\obj\ip.o
 .comment       0x00000000       0x71 ..\obj\stm32f4xx_exti.o
 .comment       0x00000000       0x71 ..\obj\icmp.o
 .comment       0x00000000       0x71 ..\obj\misc.o
 .comment       0x00000000       0x71 ..\obj\dhcp.o
 .comment       0x00000000       0x71 ..\obj\tcp_out.o
 .comment       0x00000000       0x71 ..\obj\raw.o

.ARM.attributes
                0x00000000       0x31
 .ARM.attributes
                0x00000000       0x33 ..\obj\stm32f4xx_syscfg.o
 .ARM.attributes
                0x00000033       0x33 ..\obj\stm32_ub_http_server.o
 .ARM.attributes
                0x00000066       0x33 ..\obj\mem.o
 .ARM.attributes
                0x00000099       0x33 ..\obj\tcp.o
 .ARM.attributes
                0x000000cc       0x33 ..\obj\tcp_in.o
 .ARM.attributes
                0x000000ff       0x33 ..\obj\memp.o
 .ARM.attributes
                0x00000132       0x33 ..\obj\autoip.o
 .ARM.attributes
                0x00000165       0x33 ..\obj\ip_frag.o
 .ARM.attributes
                0x00000198       0x33 ..\obj\fs.o
 .ARM.attributes
                0x000001cb       0x33 ..\obj\startup_stm32f4xx.o
 .ARM.attributes
                0x000001fe       0x33 ..\obj\stm32_ub_led.o
 .ARM.attributes
                0x00000231       0x33 ..\obj\stm32f4x7_eth.o
 .ARM.attributes
                0x00000264       0x33 ..\obj\ip_addr.o
 .ARM.attributes
                0x00000297       0x33 ..\obj\inet_chksum.o
 .ARM.attributes
                0x000002ca       0x33 ..\obj\main.o
 .ARM.attributes
                0x000002fd       0x33 ..\obj\stm32f4xx_rcc.o
 .ARM.attributes
                0x00000330       0x33 ..\obj\netconf.o
 .ARM.attributes
                0x00000363       0x33 ..\obj\stm32f4xx_adc.o
 .ARM.attributes
                0x00000396       0x33 ..\obj\stm32f4x7_eth_bsp.o
 .ARM.attributes
                0x000003c9       0x33 ..\obj\ethernetif.o
 .ARM.attributes
                0x000003fc       0x33 ..\obj\etharp.o
 .ARM.attributes
                0x0000042f       0x33 ..\obj\httpd.o
 .ARM.attributes
                0x00000462       0x33 ..\obj\httpd_cgi_ssi.o
 .ARM.attributes
                0x00000495       0x33 ..\obj\pbuf.o
 .ARM.attributes
                0x000004c8       0x33 ..\obj\inet.o
 .ARM.attributes
                0x000004fb       0x33 ..\obj\netif.o
 .ARM.attributes
                0x0000052e       0x33 ..\obj\stm32f4xx_gpio.o
 .ARM.attributes
                0x00000561       0x33 ..\obj\system_stm32f4xx.o
 .ARM.attributes
                0x00000594       0x33 ..\obj\udp.o
 .ARM.attributes
                0x000005c7       0x33 ..\obj\ip.o
 .ARM.attributes
                0x000005fa       0x33 ..\obj\stm32f4xx_exti.o
 .ARM.attributes
                0x0000062d       0x33 ..\obj\icmp.o
 .ARM.attributes
                0x00000660       0x33 ..\obj\misc.o
 .ARM.attributes
                0x00000693       0x33 ..\obj\dhcp.o
 .ARM.attributes
                0x000006c6       0x33 ..\obj\tcp_out.o
 .ARM.attributes
                0x000006f9       0x33 ..\obj\raw.o
 .ARM.attributes
                0x0000072c       0x1e c:/programy/gnu tools arm embedded/4.8 2014q1/bin/../lib/gcc/arm-none-eabi/4.8.3/armv7e-m\libgcc.a(_arm_addsubdf3.o)
 .ARM.attributes
                0x0000074a       0x1e c:/programy/gnu tools arm embedded/4.8 2014q1/bin/../lib/gcc/arm-none-eabi/4.8.3/armv7e-m\libgcc.a(_arm_muldivdf3.o)
 .ARM.attributes
                0x00000768       0x1e c:/programy/gnu tools arm embedded/4.8 2014q1/bin/../lib/gcc/arm-none-eabi/4.8.3/armv7e-m\libgcc.a(_arm_fixunsdfsi.o)
 .ARM.attributes
                0x00000786       0x2e c:/programy/gnu tools arm embedded/4.8 2014q1/bin/../lib/gcc/arm-none-eabi/4.8.3/../../../../arm-none-eabi/lib/armv7e-m\libg.a(lib_a-memcmp.o)
 .ARM.attributes
                0x000007b4       0x1c c:/programy/gnu tools arm embedded/4.8 2014q1/bin/../lib/gcc/arm-none-eabi/4.8.3/../../../../arm-none-eabi/lib/armv7e-m\libg.a(lib_a-memcpy.o)
 .ARM.attributes
                0x000007d0       0x2e c:/programy/gnu tools arm embedded/4.8 2014q1/bin/../lib/gcc/arm-none-eabi/4.8.3/../../../../arm-none-eabi/lib/armv7e-m\libg.a(lib_a-memset.o)
 .ARM.attributes
                0x000007fe       0x2e c:/programy/gnu tools arm embedded/4.8 2014q1/bin/../lib/gcc/arm-none-eabi/4.8.3/../../../../arm-none-eabi/lib/armv7e-m\libg.a(lib_a-strchr.o)
 .ARM.attributes
                0x0000082c       0x1c c:/programy/gnu tools arm embedded/4.8 2014q1/bin/../lib/gcc/arm-none-eabi/4.8.3/../../../../arm-none-eabi/lib/armv7e-m\libg.a(lib_a-strcmp.o)
 .ARM.attributes
                0x00000848       0x2e c:/programy/gnu tools arm embedded/4.8 2014q1/bin/../lib/gcc/arm-none-eabi/4.8.3/../../../../arm-none-eabi/lib/armv7e-m\libg.a(lib_a-strlen.o)
 .ARM.attributes
                0x00000876       0x2e c:/programy/gnu tools arm embedded/4.8 2014q1/bin/../lib/gcc/arm-none-eabi/4.8.3/../../../../arm-none-eabi/lib/armv7e-m\libg.a(lib_a-strncmp.o)
 .ARM.attributes
                0x000008a4       0x2e c:/programy/gnu tools arm embedded/4.8 2014q1/bin/../lib/gcc/arm-none-eabi/4.8.3/../../../../arm-none-eabi/lib/armv7e-m\libg.a(lib_a-strstr.o)
 .ARM.attributes
                0x000008d2       0x2e c:/programy/gnu tools arm embedded/4.8 2014q1/bin/../lib/gcc/arm-none-eabi/4.8.3/../../../../arm-none-eabi/lib/armv7e-m\libg.a(lib_a-memchr-stub.o)

.debug_frame    0x00000000     0x37f0
 .debug_frame   0x00000000       0xbc ..\obj\stm32f4xx_syscfg.o
 .debug_frame   0x000000bc       0x80 ..\obj\stm32_ub_http_server.o
 .debug_frame   0x0000013c       0xc0 ..\obj\mem.o
 .debug_frame   0x000001fc      0x3b8 ..\obj\tcp.o
 .debug_frame   0x000005b4       0xe4 ..\obj\tcp_in.o
 .debug_frame   0x00000698       0x64 ..\obj\memp.o
 .debug_frame   0x000006fc      0x184 ..\obj\autoip.o
 .debug_frame   0x00000880      0x110 ..\obj\ip_frag.o
 .debug_frame   0x00000990       0xc4 ..\obj\fs.o
 .debug_frame   0x00000a54       0x48 ..\obj\startup_stm32f4xx.o
 .debug_frame   0x00000a9c       0xa8 ..\obj\stm32_ub_led.o
 .debug_frame   0x00000b44      0x904 ..\obj\stm32f4x7_eth.o
 .debug_frame   0x00001448       0x2c ..\obj\ip_addr.o
 .debug_frame   0x00001474       0x90 ..\obj\inet_chksum.o
 .debug_frame   0x00001504       0x30 ..\obj\main.o
 .debug_frame   0x00001534      0x4d8 ..\obj\stm32f4xx_rcc.o
 .debug_frame   0x00001a0c       0x6c ..\obj\netconf.o
 .debug_frame   0x00001a78      0x434 ..\obj\stm32f4xx_adc.o
 .debug_frame   0x00001eac      0x10c ..\obj\stm32f4x7_eth_bsp.o
 .debug_frame   0x00001fb8       0xb0 ..\obj\ethernetif.o
 .debug_frame   0x00002068      0x1b0 ..\obj\etharp.o
 .debug_frame   0x00002218      0x2a4 ..\obj\httpd.o
 .debug_frame   0x000024bc       0xc8 ..\obj\httpd_cgi_ssi.o
 .debug_frame   0x00002584      0x1a0 ..\obj\pbuf.o
 .debug_frame   0x00002724       0xe4 ..\obj\inet.o
 .debug_frame   0x00002808      0x158 ..\obj\netif.o
 .debug_frame   0x00002960      0x19c ..\obj\stm32f4xx_gpio.o
 .debug_frame   0x00002afc       0x64 ..\obj\system_stm32f4xx.o
 .debug_frame   0x00002b60      0x144 ..\obj\udp.o
 .debug_frame   0x00002ca4       0x90 ..\obj\ip.o
 .debug_frame   0x00002d34       0xec ..\obj\stm32f4xx_exti.o
 .debug_frame   0x00002e20       0x90 ..\obj\icmp.o
 .debug_frame   0x00002eb0       0x9c ..\obj\misc.o
 .debug_frame   0x00002f4c      0x46c ..\obj\dhcp.o
 .debug_frame   0x000033b8      0x1b8 ..\obj\tcp_out.o
 .debug_frame   0x00003570      0x104 ..\obj\raw.o
 .debug_frame   0x00003674       0x2c c:/programy/gnu tools arm embedded/4.8 2014q1/bin/../lib/gcc/arm-none-eabi/4.8.3/../../../../arm-none-eabi/lib/armv7e-m\libg.a(lib_a-memcmp.o)
 .debug_frame   0x000036a0       0x2c c:/programy/gnu tools arm embedded/4.8 2014q1/bin/../lib/gcc/arm-none-eabi/4.8.3/../../../../arm-none-eabi/lib/armv7e-m\libg.a(lib_a-memset.o)
 .debug_frame   0x000036cc       0x2c c:/programy/gnu tools arm embedded/4.8 2014q1/bin/../lib/gcc/arm-none-eabi/4.8.3/../../../../arm-none-eabi/lib/armv7e-m\libg.a(lib_a-strchr.o)
 .debug_frame   0x000036f8       0x20 c:/programy/gnu tools arm embedded/4.8 2014q1/bin/../lib/gcc/arm-none-eabi/4.8.3/../../../../arm-none-eabi/lib/armv7e-m\libg.a(lib_a-strlen.o)
 .debug_frame   0x00003718       0x28 c:/programy/gnu tools arm embedded/4.8 2014q1/bin/../lib/gcc/arm-none-eabi/4.8.3/../../../../arm-none-eabi/lib/armv7e-m\libg.a(lib_a-strncmp.o)
 .debug_frame   0x00003740       0x84 c:/programy/gnu tools arm embedded/4.8 2014q1/bin/../lib/gcc/arm-none-eabi/4.8.3/../../../../arm-none-eabi/lib/armv7e-m\libg.a(lib_a-strstr.o)
 .debug_frame   0x000037c4       0x2c c:/programy/gnu tools arm embedded/4.8 2014q1/bin/../lib/gcc/arm-none-eabi/4.8.3/../../../../arm-none-eabi/lib/armv7e-m\libg.a(lib_a-memchr-stub.o)
